[PASS] 200 /healthz 
[PASS] 200 /readyz 
[PASS] 200 / 
[PASS] 200 /foundation 
[PASS] 200 /shell 
[PASS] 200 /controls 
[PASS] 200 /forms 
[PASS] 200 /data 
[PASS] 200 /charts 
[PASS] 200 /content 
[PASS] 200 /engineering 
[PASS] 200 /states 
[PASS] 200 /performance 
[PASS] 200 /certification 
[PASS] 200 /patterns/dashboard 
[PASS] 200 /patterns/explorer 
[PASS] 200 /patterns/master-detail 
[PASS] 200 /patterns/crud 
[PASS] 200 /patterns/monitoring 
[PASS] 200 /patterns/search 
[PASS] 200 /patterns/settings 
[PASS] 200 /patterns/wizard 
[PASS] 200 /patterns/comparison 
[PASS] 200 /patterns/analysis 
Log: certification_output/runtime_smoke/RUNTIME_SMOKE_SERVER.log

Runtime smoke: PASS
