{
  "host": "native",
  "platform": "macOS-26.6.2-arm64-arm-64bit",
  "cpu_count": 12,
  "measurements": [
    {
      "elements": 1,
      "ready_ms": 379.20950003899634,
      "geometry_ms": [
        0.29999998211860657,
        0.4000000059604645,
        0.20000001788139343,
        0.09999999403953552,
        0.09999999403953552,
        0.09999999403953552,
        0.20000001788139343,
        0.09999999403953552,
        0.09999999403953552,
        0.09999999403953552,
        0.20000001788139343,
        0,
        0.19999998807907104,
        0.09999999403953552,
        0.09999999403953552,
        0.10000002384185791,
        0.09999999403953552,
        0,
        0.09999999403953552,
        0.19999998807907104
      ],
      "full_render_ms": [
        1,
        1.4000000059604645,
        0.9000000059604645,
        0.9000000059604645,
        0.9000000059604645
      ],
      "cache_entries": 0
    },
    {
      "elements": 20,
      "ready_ms": 390.0447079795413,
      "geometry_ms": [
        0.5,
        0.5999999940395355,
        0.20000001788139343,
        0.29999998211860657,
        0.30000001192092896,
        0.29999998211860657,
        0.30000001192092896,
        0.19999998807907104,
        0.30000001192092896,
        0.19999998807907104,
        0.4000000059604645,
        0.20000001788139343,
        0.29999998211860657,
        0.30000001192092896,
        0.7999999821186066,
        0.30000001192092896,
        0.09999999403953552,
        0.30000001192092896,
        0.29999998211860657,
        0.20000001788139343
      ],
      "full_render_ms": [
        2.5,
        4.5,
        2.5999999940395355,
        2.199999988079071,
        2.100000023841858
      ],
      "cache_entries": 0
    },
    {
      "elements": 100,
      "ready_ms": 421.84795800130814,
      "geometry_ms": [
        1,
        1.2000000178813934,
        0.9000000059604645,
        1,
        0.5999999940395355,
        0.699999988079071,
        0.5999999940395355,
        0.800000011920929,
        0.699999988079071,
        0.800000011920929,
        0.5999999940395355,
        0.7000000178813934,
        0.5999999940395355,
        0.5999999940395355,
        0.699999988079071,
        0.6000000238418579,
        0.699999988079071,
        0.699999988079071,
        0.6000000238418579,
        0.5999999940395355
      ],
      "full_render_ms": [
        7.5999999940395355,
        16.80000001192093,
        7.5999999940395355,
        7.4000000059604645,
        6.9000000059604645
      ],
      "cache_entries": 0
    }
  ],
  "interpretation": "Observed timings only, not a deployment SLA or a complete memory/load test.",
  "browser": "151.0.7922.34"
}
