{
  "host": "native",
  "platform": "macOS-26.6.2-arm64-arm-64bit",
  "cpu_count": 12,
  "measurements": [
    {
      "elements": 1,
      "ready_ms": 484.68854202656075,
      "geometry_ms": [
        0.30000001192092896,
        0.5,
        0.19999998807907104,
        0.10000002384185791,
        0.09999996423721313,
        0.20000004768371582,
        0.09999996423721313,
        0.19999998807907104,
        0,
        0.10000002384185791,
        0.10000002384185791,
        0.09999996423721313,
        0.10000002384185791,
        0.09999996423721313,
        0.10000002384185791,
        0.10000002384185791,
        0.09999996423721313,
        0.10000002384185791,
        0.09999996423721313,
        0.10000002384185791
      ],
      "full_render_ms": [
        1.100000023841858,
        1.399999976158142,
        1,
        0.800000011920929,
        0.800000011920929
      ],
      "cache_entries": 0
    },
    {
      "elements": 20,
      "ready_ms": 394.18175001628697,
      "geometry_ms": [
        0.40000003576278687,
        0.699999988079071,
        0.3999999761581421,
        0.30000001192092896,
        0.19999998807907104,
        0.20000004768371582,
        0.2999999523162842,
        0.40000003576278687,
        0.19999998807907104,
        0.30000001192092896,
        0.19999998807907104,
        0.30000001192092896,
        0.3999999761581421,
        0.5,
        0.19999998807907104,
        0.30000001192092896,
        0.30000001192092896,
        0.8999999761581421,
        0.30000001192092896,
        0.19999998807907104
      ],
      "full_render_ms": [
        2.400000035762787,
        4.5,
        2.599999964237213,
        2.300000011920929,
        2.100000023841858
      ],
      "cache_entries": 0
    },
    {
      "elements": 100,
      "ready_ms": 455.45429101912305,
      "geometry_ms": [
        0.9000000357627869,
        1.199999988079071,
        0.800000011920929,
        1.199999988079071,
        0.699999988079071,
        0.699999988079071,
        0.7000000476837158,
        0.5999999642372131,
        0.9000000357627869,
        0.8999999761581421,
        0.699999988079071,
        0.6000000238418579,
        0.800000011920929,
        0.699999988079071,
        0.699999988079071,
        0.6000000238418579,
        0.699999988079071,
        0.800000011920929,
        0.699999988079071,
        0.699999988079071
      ],
      "full_render_ms": [
        8.100000023841858,
        17.299999952316284,
        7.600000023841858,
        8.300000011920929,
        7.199999988079071
      ],
      "cache_entries": 0
    }
  ],
  "interpretation": "Observed timings only, not a deployment SLA or a complete memory/load test.",
  "browser": "151.0.7922.34"
}
