{
  "scope": "native final responsive/keyboard/visual acceptance",
  "cases": [
    {
      "name": "desktop-1440-light",
      "status": "PASS",
      "checks": [
        "no document horizontal overflow",
        "visible controls viewport-contained",
        "no wrapped editor controls",
        "keyboard command palette + escape",
        "keyboard component selection"
      ]
    },
    {
      "name": "desktop-1440-dark",
      "status": "PASS",
      "checks": [
        "no document horizontal overflow",
        "visible controls viewport-contained",
        "no wrapped editor controls",
        "keyboard command palette + escape",
        "keyboard component selection",
        "dark host reportbar/dialog surfaces"
      ]
    },
    {
      "name": "desktop-1024-light",
      "status": "PASS",
      "checks": [
        "no document horizontal overflow",
        "visible controls viewport-contained",
        "no wrapped editor controls",
        "keyboard command palette + escape",
        "keyboard component selection"
      ]
    },
    {
      "name": "desktop-1024-dark",
      "status": "PASS",
      "checks": [
        "no document horizontal overflow",
        "visible controls viewport-contained",
        "no wrapped editor controls",
        "keyboard command palette + escape",
        "keyboard component selection"
      ]
    },
    {
      "name": "tablet-768-light",
      "status": "PASS",
      "checks": [
        "no document horizontal overflow",
        "visible controls viewport-contained",
        "no wrapped editor controls",
        "keyboard command palette + escape",
        "keyboard component selection",
        "mobile drawer mutual exclusion + state"
      ]
    },
    {
      "name": "tablet-768-dark",
      "status": "PASS",
      "checks": [
        "no document horizontal overflow",
        "visible controls viewport-contained",
        "no wrapped editor controls",
        "keyboard command palette + escape",
        "keyboard component selection",
        "mobile drawer mutual exclusion + state"
      ]
    },
    {
      "name": "mobile-480-light",
      "status": "PASS",
      "checks": [
        "no document horizontal overflow",
        "visible controls viewport-contained",
        "no wrapped editor controls",
        "keyboard command palette + escape",
        "keyboard component selection",
        "mobile drawer mutual exclusion + state"
      ]
    },
    {
      "name": "mobile-480-dark",
      "status": "PASS",
      "checks": [
        "no document horizontal overflow",
        "visible controls viewport-contained",
        "no wrapped editor controls",
        "keyboard command palette + escape",
        "keyboard component selection",
        "mobile drawer mutual exclusion + state"
      ]
    },
    {
      "name": "mobile-390-light",
      "status": "PASS",
      "checks": [
        "no document horizontal overflow",
        "visible controls viewport-contained",
        "no wrapped editor controls",
        "keyboard command palette + escape",
        "keyboard component selection",
        "mobile drawer mutual exclusion + state"
      ]
    },
    {
      "name": "mobile-390-dark",
      "status": "PASS",
      "checks": [
        "no document horizontal overflow",
        "visible controls viewport-contained",
        "no wrapped editor controls",
        "keyboard command palette + escape",
        "keyboard component selection",
        "mobile drawer mutual exclusion + state"
      ]
    },
    {
      "name": "mobile-360-light",
      "status": "PASS",
      "checks": [
        "no document horizontal overflow",
        "visible controls viewport-contained",
        "no wrapped editor controls",
        "keyboard command palette + escape",
        "keyboard component selection",
        "mobile drawer mutual exclusion + state"
      ]
    },
    {
      "name": "mobile-360-dark",
      "status": "PASS",
      "checks": [
        "no document horizontal overflow",
        "visible controls viewport-contained",
        "no wrapped editor controls",
        "keyboard command palette + escape",
        "keyboard component selection",
        "mobile drawer mutual exclusion + state"
      ]
    }
  ],
  "unexpected_errors": [],
  "passed": 12,
  "total": 12,
  "status": "PASS",
  "source_editor_sha256": "21cda4a0ebbd64fa03fc0eace97521e0ba419ebf425251975d785b8909b7acc0"
}
