{
  "host": "native",
  "platform": "macOS-26.6.2-arm64-arm-64bit",
  "cpu_count": 12,
  "measurements": [
    {
      "elements": 1,
      "ready_ms": 356.1533339670859,
      "geometry_ms": [
        0.09999996423721313,
        0.5,
        0.20000004768371582,
        0,
        0.09999996423721313,
        0.19999998807907104,
        0.10000002384185791,
        0,
        0.19999998807907104,
        0.10000002384185791,
        0,
        0.09999996423721313,
        0.10000002384185791,
        0.10000002384185791,
        0.09999996423721313,
        0.10000002384185791,
        0,
        0.09999996423721313,
        0.10000002384185791,
        0.10000002384185791
      ],
      "full_render_ms": [
        0.699999988079071,
        1,
        0.699999988079071,
        0.5,
        0.6000000238418579
      ],
      "cache_entries": 0
    },
    {
      "elements": 20,
      "ready_ms": 373.8337500253692,
      "geometry_ms": [
        0.2999999523162842,
        0.5,
        0.20000004768371582,
        0.19999998807907104,
        0.09999996423721313,
        0.20000004768371582,
        0.19999998807907104,
        0.09999996423721313,
        0.10000002384185791,
        0.19999998807907104,
        0.30000001192092896,
        0.10000002384185791,
        0.19999998807907104,
        0.09999996423721313,
        0.10000002384185791,
        0.19999998807907104,
        0.10000002384185791,
        0.09999996423721313,
        0.10000002384185791,
        0.19999998807907104
      ],
      "full_render_ms": [
        1.300000011920929,
        2.899999976158142,
        1.2000000476837158,
        1.699999988079071,
        1
      ],
      "cache_entries": 0
    },
    {
      "elements": 100,
      "ready_ms": 416.77262500161305,
      "geometry_ms": [
        0.3999999761581421,
        0.699999988079071,
        0.30000001192092896,
        0.3999999761581421,
        1,
        0.30000001192092896,
        0.40000003576278687,
        0.19999998807907104,
        0.19999998807907104,
        0.30000001192092896,
        0.19999998807907104,
        0.30000001192092896,
        0.09999996423721313,
        0.30000001192092896,
        0.19999998807907104,
        0.20000004768371582,
        0.2999999523162842,
        0.40000003576278687,
        0.30000001192092896,
        0.2999999523162842
      ],
      "full_render_ms": [
        3.900000035762787,
        11.699999988079071,
        3.5,
        3.399999976158142,
        3.200000047683716
      ],
      "cache_entries": 0
    }
  ],
  "interpretation": "Observed timings only, not a deployment SLA or a complete memory/load test.",
  "browser": "151.0.7922.34"
}
