{
  "scope": "native NiceGUI synthetic recovery",
  "cases": [
    {
      "name": "socket-disconnect-local-draft-recovery",
      "status": "PASS",
      "steps": [
        "offline edit journaled",
        "pending commit retained",
        "reconnected",
        "draft persisted/recovered"
      ]
    },
    {
      "name": "server-restart-local-draft-recovery",
      "status": "PASS",
      "steps": [
        "server stopped",
        "offline edit journaled",
        "server restarted same origin",
        "draft recovered once",
        "second restart durable",
        "no duplicate replay"
      ]
    }
  ],
  "unexpected_errors": [],
  "expected_fault_events": [
    {
      "kind": "console",
      "detail": "WebSocket connection to 'ws://127.0.0.1:51705/_nicegui_ws/socket.io/?client_id=30c19c0f-8436-4adc-b529-a9109626de5f&next_message_id=8&implicit_handshake=true&document_id=69334a8c-037a-4d34-84fd-e43da96b1f2e&tab_id=c320e843-79c5-4d42-a95f-dfd123587215&old_tab_id=null&EIO=4&transport=websocket' failed: Error in connection establishment: net::ERR_CONNECTION_REFUSED"
    },
    {
      "kind": "requestfailed",
      "detail": "http://127.0.0.1:51705/_nicegui_ws/socket.io/?client_id=30c19c0f-8436-4adc-b529-a9109626de5f&next_message_id=8&implicit_handshake=true&document_id=69334a8c-037a-4d34-84fd-e43da96b1f2e&tab_id=c320e843-79c5-4d42-a95f-dfd123587215&old_tab_id=null&EIO=4&transport=polling&t=n5jv9lks :: net::ERR_CONNECTION_REFUSED"
    },
    {
      "kind": "console",
      "detail": "Failed to load resource: net::ERR_CONNECTION_REFUSED"
    },
    {
      "kind": "console",
      "detail": "WebSocket connection to 'ws://127.0.0.1:51705/_nicegui_ws/socket.io/?client_id=68c1e2ba-e689-49f5-b42c-2917e2bb7ee4&next_message_id=8&implicit_handshake=true&document_id=97362e4c-2583-4e36-86d2-4b1a1fe7fe3e&tab_id=c320e843-79c5-4d42-a95f-dfd123587215&old_tab_id=null&EIO=4&transport=websocket' failed: Error in connection establishment: net::ERR_CONNECTION_REFUSED"
    },
    {
      "kind": "requestfailed",
      "detail": "http://127.0.0.1:51705/_nicegui_ws/socket.io/?client_id=68c1e2ba-e689-49f5-b42c-2917e2bb7ee4&next_message_id=8&implicit_handshake=true&document_id=97362e4c-2583-4e36-86d2-4b1a1fe7fe3e&tab_id=c320e843-79c5-4d42-a95f-dfd123587215&old_tab_id=null&EIO=4&transport=polling&t=n5m0z1w5 :: net::ERR_CONNECTION_REFUSED"
    },
    {
      "kind": "console",
      "detail": "Failed to load resource: net::ERR_CONNECTION_REFUSED"
    }
  ],
  "passed": 2,
  "total": 2,
  "status": "PASS",
  "source_editor_sha256": "21cda4a0ebbd64fa03fc0eace97521e0ba419ebf425251975d785b8909b7acc0"
}
