{
  "host": "native",
  "platform": "macOS-26.6.2-arm64-arm-64bit",
  "cpu_count": 12,
  "measurements": [
    {
      "elements": 1,
      "ready_ms": 563.9202910242602,
      "geometry_ms": [
        0.3999999761581421,
        0.40000003576278687,
        0.19999998807907104,
        0.10000002384185791,
        0.09999996423721313,
        0.19999998807907104,
        0,
        0.20000004768371582,
        0.09999996423721313,
        0,
        0.10000002384185791,
        0.19999998807907104,
        0,
        0.10000002384185791,
        0.09999996423721313,
        0.10000002384185791,
        0.09999996423721313,
        0,
        0.10000002384185791,
        0
      ],
      "full_render_ms": [
        1,
        1.4000000357627869,
        0.800000011920929,
        0.5999999642372131,
        0.6000000238418579
      ],
      "cache_entries": 0
    },
    {
      "elements": 20,
      "ready_ms": 549.6705409605056,
      "geometry_ms": [
        0.3999999761581421,
        0.6000000238418579,
        0.09999996423721313,
        0.19999998807907104,
        0.20000004768371582,
        0.19999998807907104,
        0.09999996423721313,
        0.20000004768371582,
        0.09999996423721313,
        0.19999998807907104,
        0.10000002384185791,
        0.19999998807907104,
        0.10000002384185791,
        0.09999996423721313,
        0.30000001192092896,
        0.10000002384185791,
        0.09999996423721313,
        0.20000004768371582,
        0.19999998807907104,
        0.09999996423721313
      ],
      "full_render_ms": [
        1.5,
        3.400000035762787,
        1.300000011920929,
        1.699999988079071,
        5.699999988079071
      ],
      "cache_entries": 0
    },
    {
      "elements": 100,
      "ready_ms": 648.7268750206567,
      "geometry_ms": [
        0.9000000357627869,
        0.8999999761581421,
        0.3999999761581421,
        0.5,
        0.40000003576278687,
        1.199999988079071,
        0.30000001192092896,
        0.30000001192092896,
        0.3999999761581421,
        1,
        1.199999988079071,
        0.9000000357627869,
        0.8999999761581421,
        0.800000011920929,
        0.800000011920929,
        1,
        0.699999988079071,
        1.399999976158142,
        0.5,
        0.6000000238418579
      ],
      "full_render_ms": [
        10.099999964237213,
        20.200000047683716,
        8.399999976158142,
        6.899999976158142,
        4.5
      ],
      "cache_entries": 0
    }
  ],
  "interpretation": "Observed timings only, not a deployment SLA or a complete memory/load test.",
  "browser": "151.0.7922.34"
}
