{
  "scope": "native Report Hub browser-error release gate",
  "workflows": [
    {
      "name": "report-hub-grid-list-thumbnails",
      "viewport": 1440,
      "status": "PASS",
      "thumbnail_count": 12,
      "invalid_svg_geometry": [],
      "browser_events": []
    },
    {
      "name": "editor-manage-unselected",
      "viewport": 1440,
      "status": "PASS",
      "thumbnail_count": 0,
      "invalid_svg_geometry": [],
      "browser_events": []
    },
    {
      "name": "report-hub-grid-list-thumbnails",
      "viewport": 768,
      "status": "PASS",
      "thumbnail_count": 12,
      "invalid_svg_geometry": [],
      "browser_events": []
    },
    {
      "name": "editor-manage-selected",
      "viewport": 768,
      "status": "PASS",
      "thumbnail_count": 0,
      "invalid_svg_geometry": [],
      "browser_events": []
    },
    {
      "name": "report-hub-grid-list-thumbnails",
      "viewport": 390,
      "status": "PASS",
      "thumbnail_count": 12,
      "invalid_svg_geometry": [],
      "browser_events": []
    },
    {
      "name": "editor-manage-selected",
      "viewport": 390,
      "status": "PASS",
      "thumbnail_count": 0,
      "invalid_svg_geometry": [],
      "browser_events": []
    },
    {
      "name": "report-hub-create-open-trash",
      "viewport": 1440,
      "status": "PASS",
      "thumbnail_count": 12,
      "invalid_svg_geometry": [],
      "browser_events": []
    }
  ],
  "unexpected_errors": [],
  "fixture_reports_created": 13,
  "fixture_reports_peak_active": 13,
  "isolated_storage_removed": true,
  "frozen_connector_sha256": "d8ebd4378f01b7c52a7a4be57c578c22adf29b899cc08a370cf084881195343e",
  "passed": 7,
  "total": 7,
  "status": "PASS"
}
