{
  "host": "native",
  "platform": "macOS-26.6.2-arm64-arm-64bit",
  "cpu_count": 12,
  "measurements": [
    {
      "elements": 1,
      "ready_ms": 357.73875000086264,
      "geometry_ms": [
        0.40000000037252903,
        0.40000000037252903,
        0.19999999925494194,
        0.09999999962747097,
        0.09999999962747097,
        0.10000000149011612,
        0.19999999925494194,
        0.09999999962747097,
        0.09999999962747097,
        0.10000000149011612,
        0.09999999962747097,
        0.09999999962747097,
        0.19999999925494194,
        0,
        0.2000000011175871,
        0,
        0.09999999962747097,
        0.19999999925494194,
        0,
        0.10000000149011612
      ],
      "full_render_ms": [
        1,
        1.299999998882413,
        0.8000000007450581,
        0.7999999988824129,
        0.8000000007450581
      ],
      "cache_entries": 0
    },
    {
      "elements": 20,
      "ready_ms": 376.4535419995809,
      "geometry_ms": [
        0.3999999985098839,
        0.6000000014901161,
        0.2999999988824129,
        0.2000000011175871,
        0.2999999988824129,
        0.2000000011175871,
        0.2999999988824129,
        0.40000000037252903,
        0.19999999925494194,
        0.30000000074505806,
        0.19999999925494194,
        0.30000000074505806,
        0.19999999925494194,
        0.2000000011175871,
        0.2999999988824129,
        0.30000000074505806,
        0.09999999962747097,
        0.900000000372529,
        0.19999999925494194,
        0.10000000149011612
      ],
      "full_render_ms": [
        2,
        3.900000000372529,
        2.299999998882413,
        2,
        1.800000000745058
      ],
      "cache_entries": 0
    },
    {
      "elements": 100,
      "ready_ms": 413.2812499992724,
      "geometry_ms": [
        0.6999999992549419,
        1,
        0.8000000007450581,
        0.8000000007450581,
        0.599999999627471,
        0.599999999627471,
        0.5,
        1,
        0.599999999627471,
        0.7000000011175871,
        0.5,
        0.599999999627471,
        0.6999999992549419,
        0.599999999627471,
        0.6000000014901161,
        0.5,
        0.5,
        0.6999999992549419,
        0.599999999627471,
        0.599999999627471
      ],
      "full_render_ms": [
        6.800000000745058,
        15.200000001117587,
        6.299999998882413,
        6.300000000745058,
        6.299999998882413
      ],
      "cache_entries": 0
    }
  ],
  "interpretation": "Observed timings only, not a deployment SLA or a complete memory/load test.",
  "browser": "151.0.7922.34"
}
