{
  "host": "native",
  "platform": "macOS-26.6.2-arm64-arm-64bit",
  "cpu_count": 12,
  "measurements": [
    {
      "elements": 1,
      "ready_ms": 1091.77716600243,
      "geometry_ms": [
        0.3999999761581421,
        0.6000000238418579,
        0.19999998807907104,
        0.10000002384185791,
        0.09999996423721313,
        0.20000004768371582,
        0.09999996423721313,
        0.10000002384185791,
        0.19999998807907104,
        0,
        0.30000001192092896,
        0.19999998807907104,
        0.19999998807907104,
        0.10000002384185791,
        0.09999996423721313,
        0.10000002384185791,
        0.10000002384185791,
        0.09999996423721313,
        0,
        0.10000002384185791
      ],
      "full_render_ms": [
        1.100000023841858,
        1.800000011920929,
        1,
        1,
        0.7999999523162842
      ],
      "cache_entries": 0
    },
    {
      "elements": 20,
      "ready_ms": 1055.249416967854,
      "geometry_ms": [
        0.6000000238418579,
        0.699999988079071,
        0.3999999761581421,
        0.30000001192092896,
        0.30000001192092896,
        0.19999998807907104,
        0.30000001192092896,
        0.19999998807907104,
        0.30000001192092896,
        0.19999998807907104,
        0.40000003576278687,
        0.19999998807907104,
        0.19999998807907104,
        0.30000001192092896,
        0.30000001192092896,
        0.2999999523162842,
        0.30000001192092896,
        0.19999998807907104,
        0.30000001192092896,
        1.300000011920929
      ],
      "full_render_ms": [
        4,
        5.100000023841858,
        2.599999964237213,
        3.300000011920929,
        2.399999976158142
      ],
      "cache_entries": 0
    },
    {
      "elements": 100,
      "ready_ms": 2232.652250037063,
      "geometry_ms": [
        2.400000035762787,
        1.800000011920929,
        1.0999999642372131,
        1.4000000357627869,
        0.7999999523162842,
        0.800000011920929,
        0.699999988079071,
        0.800000011920929,
        1.300000011920929,
        0.7999999523162842,
        0.7000000476837158,
        0.7999999523162842,
        0.7000000476837158,
        0.8999999761581421,
        0.699999988079071,
        0.699999988079071,
        0.7000000476837158,
        0.699999988079071,
        1,
        0.800000011920929
      ],
      "full_render_ms": [
        9,
        21.69999998807907,
        7.899999976158142,
        9.300000011920929,
        9.5
      ],
      "cache_entries": 0
    }
  ],
  "interpretation": "Observed timings only, not a deployment SLA or a complete memory/load test.",
  "browser": "151.0.7922.34"
}
