{
  "scope": "native NiceGUI + real browser Worker",
  "cases": [
    {
      "name": "worker-load-failure-visible",
      "status": "PASS",
      "worker_requests": 1,
      "visible_error": "Data parser failed. Paste again to retry."
    },
    {
      "name": "worker-retry-after-failure",
      "status": "PASS",
      "rows": 30000
    },
    {
      "name": "worker-cancel-stale-result-isolated",
      "status": "PASS"
    },
    {
      "name": "worker-retry-after-cancel",
      "status": "PASS"
    }
  ],
  "unexpected_errors": [],
  "expected_fault_events": [
    {
      "kind": "requestfailed",
      "detail": "http://127.0.0.1:57486/_cui_visualizer/assets/authoring_data_worker.mjs :: net::ERR_ABORTED"
    }
  ],
  "passed": 4,
  "total": 4,
  "status": "PASS",
  "source_editor_sha256": "3fceb6688eb3d5a2162e46cb2ce5d5c65dd875ee0d2a30784b7ffb93ef658923"
}
