{
  "host": "native",
  "platform": "macOS-26.6.2-arm64-arm-64bit",
  "cpu_count": 12,
  "measurements": [
    {
      "elements": 1,
      "ready_ms": 407.24920900538564,
      "geometry_ms": [
        0.19999998807907104,
        0.5,
        0.19999998807907104,
        0.10000002384185791,
        0.09999996423721313,
        0.19999998807907104,
        0.10000002384185791,
        0.10000002384185791,
        0.09999996423721313,
        0.19999998807907104,
        0.10000002384185791,
        0.10000002384185791,
        0.09999996423721313,
        0.10000002384185791,
        0.19999998807907104,
        0,
        0.19999998807907104,
        0.10000002384185791,
        0,
        0.09999996423721313
      ],
      "full_render_ms": [
        1,
        1.699999988079071,
        0.9000000357627869,
        1,
        0.7999999523162842
      ],
      "cache_entries": 0
    },
    {
      "elements": 20,
      "ready_ms": 367.3350840108469,
      "geometry_ms": [
        0.5,
        0.5,
        0.3999999761581421,
        0.19999998807907104,
        0.19999998807907104,
        0.30000001192092896,
        0.19999998807907104,
        0.30000001192092896,
        0.30000001192092896,
        0.30000001192092896,
        0.30000001192092896,
        0.19999998807907104,
        0.19999998807907104,
        0.30000001192092896,
        0.30000001192092896,
        0.19999998807907104,
        0.30000001192092896,
        0.19999998807907104,
        0.800000011920929,
        0.19999998807907104
      ],
      "full_render_ms": [
        2.300000011920929,
        4.099999964237213,
        2.199999988079071,
        2.200000047683716,
        1.7999999523162842
      ],
      "cache_entries": 0
    },
    {
      "elements": 100,
      "ready_ms": 416.5165000013076,
      "geometry_ms": [
        1,
        1.0999999642372131,
        1.100000023841858,
        0.800000011920929,
        0.699999988079071,
        0.699999988079071,
        0.6000000238418579,
        0.8999999761581421,
        0.699999988079071,
        0.6000000238418579,
        0.699999988079071,
        0.9000000357627869,
        0.699999988079071,
        0.5999999642372131,
        0.7000000476837158,
        0.5999999642372131,
        0.800000011920929,
        0.6000000238418579,
        0.699999988079071,
        0.6000000238418579
      ],
      "full_render_ms": [
        7.699999988079071,
        14.900000035762787,
        6.299999952316284,
        7.100000023841858,
        6.5
      ],
      "cache_entries": 0
    }
  ],
  "interpretation": "Observed timings only, not a deployment SLA or a complete memory/load test.",
  "browser": "151.0.7922.34"
}
