PASS C001 open Line Chart Studio
PASS C002 Data panel
PASS C003 Fields panel
PASS C004 Visual panel
PASS C005 Interaction panel
PASS C006 open/close without mutation
PASS C007 paste TSV
PASS C008 type inference
PASS C009 numeric 0 preserved
PASS C010 string "0" preserved
PASS C011 blank string preserved
PASS C012 null preserved
PASS C013 row insert/delete
PASS C014 column insert/delete/rename
PASS C015 range copy/paste
PASS C016 filter
PASS C017 sort
PASS C018 top-N
PASS C019 derive
PASS C020 aggregate
PASS C021 X mapping
PASS C022 Y mapping
PASS C023 Series mapping
PASS C024 secondary Y
PASS C025 reorder series
PASS C026 type switch preserves compatible mappings
PASS C027 X title
PASS C028 Y title
PASS C029 secondary Y title/format
PASS C030 numeric format
PASS C031 date/time format
PASS C032 label rotation
PASS C033 gridlines
PASS C034 bounds
PASS C035 show/hide legend
PASS C036 legend position
PASS C037 legend ordering
PASS C038 interactive legend toggle
PASS C039 static SVG legend
PASS C040 per-series color
PASS C041 marker
PASS C042 line width/style
PASS C043 bar grouped/stacked
PASS C044 area opacity
PASS C045 data labels
PASS C046 reference line
PASS C047 reference band
PASS C048 annotation
PASS C049 tooltip
PASS C050 crosshair
PASS C051 zoom
PASS C052 pan/reset
PASS C053 brush selection
PASS C054 legend filter
PASS C055 cross-filter
PASS C056 recommendations after paste
PASS C057 alternative preview/apply
PASS C058 Best readable axes
PASS C059 Clean labels
PASS C060 target/spec violation highlight
PASS C061 unit/format suggestion
PASS C062 semantic color suggestion
PASS C063 save Chart Recipe
PASS C064 apply recipe reordered schema
PASS C065 copy chart setup
PASS C066 SPC specification/control distinction
PASS C067 SPC tooltip/select/zoom
PASS C068 I-MR labeling
PASS C069 CUSUM parameters visible
PASS C070 EWMA parameters visible
PASS C071 actual coordinate geometry
PASS C072 wafer outline/notch
PASS C073 continuous legend
PASS C074 discrete/bin legend
PASS C075 missing die
PASS C076 tooltip x/y/value
PASS C077 die selection
PASS C078 brush selection
PASS C079 identity filter
PASS C080 spec/outlier highlight
PASS C081 undo/redo
PASS C082 save/reload
PASS C083 JSON export/import
PASS C084 standalone SVG
PASS C085 preview
PASS C086 light/dark
PASS C087 resize/content fit
PASS C088 responsive acceptance
{
  "scope": "native Stage A workspace and report-hub acceptance",
  "cases": [
    {
      "name": "desktop 1440 three-column reflow and gutters",
      "status": "PASS"
    },
    {
      "name": "desktop 1024 three-column reflow and gutters",
      "status": "PASS"
    },
    {
      "name": "panel close restores canvas width without overflow",
      "status": "PASS"
    },
    {
      "name": "solo Timeline governed content fit",
      "status": "PASS"
    },
    {
      "name": "solo chart governed content fit",
      "status": "PASS"
    },
    {
      "name": "solo Wafer Map governed content fit",
      "status": "PASS"
    },
    {
      "name": "selected content has no occluding selection chrome",
      "status": "PASS"
    },
    {
      "name": "drag ghost matches final proposed bounds",
      "status": "PASS"
    },
    {
      "name": "preview full-stage symmetric at 1440",
      "status": "PASS"
    },
    {
      "name": "preview full-stage symmetric at 1024",
      "status": "PASS"
    },
    {
      "name": "preview full-stage symmetric at 768",
      "status": "PASS"
    },
    {
      "name": "preview full-stage symmetric at 390",
      "status": "PASS"
    },
    {
      "name": "three built-in presets change layout and undo/redo",
      "status": "PASS"
    },
    {
      "name": "Map command opens the minimap when available",
      "status": "PASS"
    },
    {
      "name": "dedicated report hub renders independent cards and lifecycle",
      "status": "PASS"
    },
    {
      "name": "no browser console/page/network errors",
      "status": "PASS",
      "error": []
    }
  ],
  "unexpected_errors": [],
  "production_library_count": 52,
  "frozen_connector_sha256": "d8ebd4378f01b7c52a7a4be57c578c22adf29b899cc08a370cf084881195343e",
  "passed": 16,
  "total": 16,
  "status": "PASS",
  "source_editor_sha256": "0007f49a3599cf8ec24078131d801aca2db627304c3052866dab391302aa6331"
}
PASS C089 Stage A acceptance
CHECK open Diagram Studio from Process Flow
PASS open Diagram Studio from Process Flow
CHECK create five nodes from the shape palette
PASS create five nodes from the shape palette
CHECK quick-connect branch and insert node on edge
PASS quick-connect branch and insert node on edge
CHECK fixed and floating connector ports
PASS fixed and floating connector ports
CHECK orthogonal route, waypoint, center label, reverse
PASS orthogonal route, waypoint, center label, reverse
CHECK multi-select, lasso-compatible actions, align, group, copy, duplicate
PASS multi-select, lasso-compatible actions, align, group, copy, duplicate
CHECK lasso selects multiple nodes
PASS lasso selects multiple nodes
CHECK inline node label edit commits accessibly
PASS inline node label edit commits accessibly
CHECK layer visibility/lock/duplicate and swimlane reorder/move
PASS layer visibility/lock/duplicate and swimlane reorder/move
CHECK horizontal/vertical layout and Clean Diagram preserve pinned node
PASS horizontal/vertical layout and Clean Diagram preserve pinned node
CHECK paste process steps, source-target graph, save/reinsert subflow
PASS paste process steps, source-target graph, save/reinsert subflow
CHECK one-transaction undo/redo and JSON/SVG export
PASS one-transaction undo/redo and JSON/SVG export
CHECK save/close/reopen report integration and reading preview
PASS save/close/reopen report integration and reading preview
CHECK responsive studio and keyboard nudge
PASS responsive studio and keyboard nudge
CHECK 100-node/150-edge deterministic layout fixture
PASS 100-node/150-edge deterministic layout fixture
{
  "scope": "native Diagram Studio acceptance",
  "cases": [
    {
      "name": "open Diagram Studio from Process Flow",
      "status": "PASS"
    },
    {
      "name": "create five nodes from the shape palette",
      "status": "PASS"
    },
    {
      "name": "quick-connect branch and insert node on edge",
      "status": "PASS"
    },
    {
      "name": "fixed and floating connector ports",
      "status": "PASS"
    },
    {
      "name": "orthogonal route, waypoint, center label, reverse",
      "status": "PASS"
    },
    {
      "name": "multi-select, lasso-compatible actions, align, group, copy, duplicate",
      "status": "PASS"
    },
    {
      "name": "lasso selects multiple nodes",
      "status": "PASS"
    },
    {
      "name": "inline node label edit commits accessibly",
      "status": "PASS"
    },
    {
      "name": "layer visibility/lock/duplicate and swimlane reorder/move",
      "status": "PASS"
    },
    {
      "name": "horizontal/vertical layout and Clean Diagram preserve pinned node",
      "status": "PASS"
    },
    {
      "name": "paste process steps, source-target graph, save/reinsert subflow",
      "status": "PASS"
    },
    {
      "name": "one-transaction undo/redo and JSON/SVG export",
      "status": "PASS"
    },
    {
      "name": "save/close/reopen report integration and reading preview",
      "status": "PASS"
    },
    {
      "name": "responsive studio and keyboard nudge",
      "status": "PASS"
    },
    {
      "name": "100-node/150-edge deterministic layout fixture",
      "status": "PASS"
    },
    {
      "name": "no unexpected browser console/page/network errors",
      "status": "PASS",
      "error": []
    }
  ],
  "unexpected_errors": [],
  "performance_fixture": {
    "nodes": 100,
    "edges": 150,
    "elapsed_ms": 4.01
  },
  "production_library_count": 52,
  "frozen_connector_sha256": "d8ebd4378f01b7c52a7a4be57c578c22adf29b899cc08a370cf084881195343e",
  "passed": 16,
  "total": 16,
  "status": "PASS"
}
PASS C090 Stage B acceptance
PASS C091 production library 52
PASS C092 product-contract audit
PASS C094 frozen connector unchanged
PASS C095 Multi-Line browser render
PASS C096 Scatter Plot browser render
PASS C097 Regression Scatter browser render
PASS C093 no unexpected console/page/network errors
{"pass": 97, "applicable": 97, "not_applicable": 0, "path": "/private/tmp/visembler-chg40-r2-release/chart-studio/chart-studio-acceptance.json"}
