{
  "status": "PASS",
  "maintained_count": 52,
  "mapped_count": 52,
  "generic_fixture_count": 39,
  "generic_mapped_count": 39,
  "specialized_mapped_count": 13,
  "generic_elements": [
    "Hero Title",
    "Section Heading",
    "Executive Statement",
    "Body Narrative",
    "Key Takeaway",
    "Hero KPI",
    "Metric + Delta",
    "Target vs Actual",
    "Progress Metric",
    "Status Metric",
    "Capacity Metric",
    "Rate Metric",
    "Threshold Metric",
    "Metric with Sparkline",
    "Metric Ring",
    "As-Is → To-Be",
    "Before/After KPI",
    "Time Compression",
    "Vertical Bar",
    "Horizontal Bar",
    "Line Chart",
    "Area Chart",
    "Clean Table",
    "Event Timeline",
    "Milestone Rail",
    "Sequence Strip",
    "Process Flow",
    "Data Flow",
    "Image",
    "Image + Caption",
    "Screenshot Frame",
    "Evidence Card",
    "Risk Callout",
    "Project Card",
    "SPC Control Chart",
    "I-MR Chart",
    "CUSUM Chart",
    "EWMA Chart",
    "Wafer Map"
  ],
  "specialized_elements": [
    "Multi-Line",
    "Scatter Plot",
    "Regression Scatter",
    "Histogram",
    "Box Plot",
    "Pareto",
    "Xbar-R Chart",
    "DOE Main Effects",
    "DOE Interaction Plot",
    "Wafer Difference Map",
    "Tool × Chamber Matrix",
    "Golden vs Affected Profile",
    "Control vs Affected Distribution"
  ],
  "errors": []
}
