{
  "host": "native",
  "platform": "macOS-26.6.2-arm64-arm-64bit",
  "cpu_count": 12,
  "measurements": [
    {
      "elements": 1,
      "ready_ms": 366.914624999481,
      "geometry_ms": [
        0.19999999925494194,
        0,
        0,
        0.10000000149011612,
        0,
        0,
        0.09999999962747097,
        0,
        0,
        0,
        0.09999999962747097,
        0,
        0.09999999962747097,
        0,
        0,
        0,
        0,
        0,
        0,
        0
      ],
      "full_render_ms": [
        1.200000001117587,
        1.3999999985098839,
        0.6000000014901161,
        0.6999999992549419,
        0.599999999627471
      ],
      "cache_entries": 0
    },
    {
      "elements": 20,
      "ready_ms": 391.2252919999446,
      "geometry_ms": [
        0.40000000037252903,
        0.09999999962747097,
        0.10000000149011612,
        0,
        0.09999999962747097,
        0,
        0.19999999925494194,
        0.09999999962747097,
        0.10000000149011612,
        0.09999999962747097,
        0.09999999962747097,
        0.09999999962747097,
        0,
        0.09999999962747097,
        0.10000000149011612,
        0.09999999962747097,
        0,
        0.09999999962747097,
        0,
        0.09999999962747097
      ],
      "full_render_ms": [
        2.099999999627471,
        5.100000001490116,
        1.599999999627471,
        2.5,
        1.400000000372529
      ],
      "cache_entries": 0
    },
    {
      "elements": 100,
      "ready_ms": 428.4020420000161,
      "geometry_ms": [
        0.40000000037252903,
        0.30000000074505806,
        0.19999999925494194,
        0.30000000074505806,
        1.099999999627471,
        0.19999999925494194,
        0.30000000074505806,
        0.19999999925494194,
        0.10000000149011612,
        0.09999999962747097,
        0.19999999925494194,
        0.2000000011175871,
        0.09999999962747097,
        0.19999999925494194,
        0.2000000011175871,
        0.09999999962747097,
        0.40000000037252903,
        0.09999999962747097,
        0.19999999925494194,
        0.2000000011175871
      ],
      "full_render_ms": [
        6.199999999254942,
        20.800000000745058,
        5.099999999627471,
        5.699999999254942,
        5.200000001117587
      ],
      "cache_entries": 0
    }
  ],
  "interpretation": "Observed timings only, not a deployment SLA or a complete memory/load test.",
  "browser": "151.0.7922.34"
}
