{
  "host": "native",
  "platform": "macOS-26.6.2-arm64-arm-64bit",
  "cpu_count": 12,
  "measurements": [
    {
      "elements": 1,
      "ready_ms": 367.90979199577123,
      "geometry_ms": [
        0.19999998807907104,
        0.5,
        0.10000002384185791,
        0.19999998807907104,
        0.09999999403953552,
        0.09999999403953552,
        0.10000002384185791,
        0.19999998807907104,
        0.09999999403953552,
        0.09999999403953552,
        0.10000002384185791,
        0.09999999403953552,
        0.09999999403953552,
        0.09999999403953552,
        0.09999999403953552,
        0,
        0.20000001788139343,
        0.09999999403953552,
        0.09999999403953552,
        0.09999999403953552
      ],
      "full_render_ms": [
        1,
        1.4000000059604645,
        0.9000000059604645,
        0.9000000059604645,
        0.7999999821186066
      ],
      "cache_entries": 0
    },
    {
      "elements": 20,
      "ready_ms": 377.8773749945685,
      "geometry_ms": [
        0.6000000238418579,
        0.5,
        0.29999998211860657,
        0.30000001192092896,
        0.19999998807907104,
        0.20000001788139343,
        0.29999998211860657,
        0.30000001192092896,
        0.29999998211860657,
        0.10000002384185791,
        0.29999998211860657,
        0.20000001788139343,
        0.29999998211860657,
        0.20000001788139343,
        0.29999998211860657,
        0.20000001788139343,
        0.19999998807907104,
        0.800000011920929,
        0.29999998211860657,
        0.20000001788139343
      ],
      "full_render_ms": [
        2,
        3.699999988079071,
        1.9000000059604645,
        2.4000000059604645,
        1.9000000059604645
      ],
      "cache_entries": 0
    },
    {
      "elements": 100,
      "ready_ms": 408.03691698238254,
      "geometry_ms": [
        0.7999999821186066,
        1,
        1,
        0.7000000178813934,
        0.5999999940395355,
        0.5999999940395355,
        0.699999988079071,
        0.9000000059604645,
        0.5999999940395355,
        0.7000000178813934,
        0.5999999940395355,
        0.5999999940395355,
        0.7000000178813934,
        0.5999999940395355,
        0.5,
        0.5999999940395355,
        0.5,
        0.699999988079071,
        0.5,
        0.6000000238418579
      ],
      "full_render_ms": [
        6.899999976158142,
        14.100000023841858,
        6.399999976158142,
        6,
        5.9000000059604645
      ],
      "cache_entries": 0
    }
  ],
  "interpretation": "Observed timings only, not a deployment SLA or a complete memory/load test.",
  "browser": "151.0.7922.34"
}
