repository-contracts: PASS
company-boundary-model: PASS
company-boundary-browser: PASS
company-readiness-local: PASS
company-capacity: PASS
element-coverage: PASS
delivery-tests: PASS
full-tests: PASS
syntax-integrated_editor.mjs: PASS
syntax-element_renderer.mjs: PASS
syntax-authoring_dataset_refresh.mjs: PASS
syntax-authoring_portability.mjs: PASS
syntax-authoring_intake_client.mjs: PASS
syntax-authoring_composition.mjs: PASS
syntax-authoring_reuse_contract.mjs: PASS
persistence-source-probe: PASS
git-diff-check: PASS
elements: PASS
data: PASS
performance: PASS
report-lifecycle-integrity: PASS
chg181-authoring-composition-reuse: PASS
chg208-remap-diagnostics: PASS
chart-studio: FAIL
report-hub-browser-errors: PASS
native-recovery: PASS
worker-lifecycle: PASS
operations-drill: PASS
native-acceptance: PASS
{
  "release_status": "BLOCKED",
  "checks_status": "INCOMPLETE_OR_FAILED",
  "evidence_zip": "/private/tmp/visembler-chg293-r3-maintained.hDr8iK/verifier-output.zip",
  "remaining": [
    {
      "name": "chart-studio",
      "status": "FAIL"
    }
  ]
}
