{
  "scope": "native NiceGUI synthetic recovery",
  "cases": [
    {
      "name": "socket-disconnect-local-draft-recovery",
      "status": "PASS",
      "steps": [
        "offline edit journaled",
        "pending commit retained",
        "reconnected",
        "draft persisted/recovered"
      ]
    },
    {
      "name": "server-restart-local-draft-recovery",
      "status": "PASS",
      "steps": [
        "server stopped",
        "offline edit journaled",
        "server restarted same origin",
        "draft recovered once",
        "second restart durable",
        "no duplicate replay"
      ]
    }
  ],
  "unexpected_errors": [],
  "expected_fault_events": [
    {
      "kind": "console",
      "detail": "WebSocket connection to 'ws://127.0.0.1:64108/_nicegui_ws/socket.io/?client_id=80a32345-e043-42ae-b459-a5b25badf30f&next_message_id=8&implicit_handshake=true&document_id=ef4294d0-7bed-4e84-bfb3-778203184a4f&tab_id=b266d9e1-6fc9-4976-a0e8-d4629117126f&old_tab_id=null&EIO=4&transport=websocket' failed: Error in connection establishment: net::ERR_CONNECTION_REFUSED"
    },
    {
      "kind": "requestfailed",
      "detail": "http://127.0.0.1:64108/_nicegui_ws/socket.io/?client_id=80a32345-e043-42ae-b459-a5b25badf30f&next_message_id=8&implicit_handshake=true&document_id=ef4294d0-7bed-4e84-bfb3-778203184a4f&tab_id=b266d9e1-6fc9-4976-a0e8-d4629117126f&old_tab_id=null&EIO=4&transport=polling&t=zm54fdng :: net::ERR_CONNECTION_REFUSED"
    },
    {
      "kind": "console",
      "detail": "Failed to load resource: net::ERR_CONNECTION_REFUSED"
    },
    {
      "kind": "console",
      "detail": "WebSocket connection to 'ws://127.0.0.1:64108/_nicegui_ws/socket.io/?client_id=80a32345-e043-42ae-b459-a5b25badf30f&next_message_id=8&implicit_handshake=true&document_id=ef4294d0-7bed-4e84-bfb3-778203184a4f&tab_id=b266d9e1-6fc9-4976-a0e8-d4629117126f&old_tab_id=null&EIO=4&transport=websocket' failed: Error in connection establishment: net::ERR_CONNECTION_REFUSED"
    },
    {
      "kind": "requestfailed",
      "detail": "http://127.0.0.1:64108/_nicegui_ws/socket.io/?client_id=80a32345-e043-42ae-b459-a5b25badf30f&next_message_id=8&implicit_handshake=true&document_id=ef4294d0-7bed-4e84-bfb3-778203184a4f&tab_id=b266d9e1-6fc9-4976-a0e8-d4629117126f&old_tab_id=null&EIO=4&transport=polling&t=zm65h5je :: net::ERR_CONNECTION_REFUSED"
    },
    {
      "kind": "console",
      "detail": "Failed to load resource: net::ERR_CONNECTION_REFUSED"
    },
    {
      "kind": "console",
      "detail": "WebSocket connection to 'ws://127.0.0.1:64108/_nicegui_ws/socket.io/?client_id=f2740648-2bde-4bb4-a008-79d652cda0d5&next_message_id=8&implicit_handshake=true&document_id=34ab68a3-c8d6-4172-8596-77b1b32a08b5&tab_id=b266d9e1-6fc9-4976-a0e8-d4629117126f&old_tab_id=null&EIO=4&transport=websocket' failed: Error in connection establishment: net::ERR_CONNECTION_REFUSED"
    },
    {
      "kind": "requestfailed",
      "detail": "http://127.0.0.1:64108/_nicegui_ws/socket.io/?client_id=f2740648-2bde-4bb4-a008-79d652cda0d5&next_message_id=8&implicit_handshake=true&document_id=34ab68a3-c8d6-4172-8596-77b1b32a08b5&tab_id=b266d9e1-6fc9-4976-a0e8-d4629117126f&old_tab_id=null&EIO=4&transport=polling&t=zm7jna0e :: net::ERR_CONNECTION_REFUSED"
    },
    {
      "kind": "console",
      "detail": "Failed to load resource: net::ERR_CONNECTION_REFUSED"
    },
    {
      "kind": "requestfailed",
      "detail": "http://127.0.0.1:64108/visualizer :: net::ERR_ABORTED"
    }
  ],
  "passed": 2,
  "total": 2,
  "status": "PASS",
  "source_editor_sha256": "5d57edc8041a018764213297b0ed0993d4a7df02db2be330a634c6f0f45b98a2"
}
