{
  "host": "native",
  "platform": "macOS-26.6.2-arm64-arm-64bit",
  "cpu_count": 12,
  "measurements": [
    {
      "elements": 1,
      "ready_ms": 526.0318340006052,
      "geometry_ms": [
        0.19999999552965164,
        0.6000000014901161,
        0.20000000298023224,
        0.09999999403953552,
        0.10000000149011612,
        0.20000000298023224,
        0.10000000149011612,
        0.19999999552965164,
        0,
        0.10000000149011612,
        0.20000000298023224,
        0,
        0.09999999403953552,
        0.20000000298023224,
        0,
        0.10000000149011612,
        0.10000000149011612,
        0.09999999403953552,
        0.10000000149011612,
        0
      ],
      "full_render_ms": [
        0.8999999985098839,
        1.6000000014901161,
        1,
        0.8999999985098839,
        0.8000000044703484
      ],
      "cache_entries": 0
    },
    {
      "elements": 20,
      "ready_ms": 1003.6662080019596,
      "geometry_ms": [
        0.5,
        0.6000000014901161,
        0.29999999701976776,
        0.30000000447034836,
        0.29999999701976776,
        0.29999999701976776,
        0.20000000298023224,
        0.29999999701976776,
        0.20000000298023224,
        0.20000000298023224,
        0.29999999701976776,
        0.20000000298023224,
        0.29999999701976776,
        0.20000000298023224,
        0.19999999552965164,
        0.3999999985098839,
        0.20000000298023224,
        0.29999999701976776,
        0.9000000059604645,
        0.29999999701976776
      ],
      "full_render_ms": [
        2.2999999970197678,
        4.100000001490116,
        1.8999999985098839,
        2.600000001490116,
        2
      ],
      "cache_entries": 0
    },
    {
      "elements": 100,
      "ready_ms": 436.14254199928837,
      "geometry_ms": [
        1,
        1.3000000044703484,
        1,
        1.1999999955296516,
        0.8000000044703484,
        0.6999999955296516,
        0.7000000029802322,
        0.6999999955296516,
        0.7000000029802322,
        0.7999999970197678,
        0.6000000014901161,
        0.8000000044703484,
        1,
        0.7999999970197678,
        0.7999999970197678,
        0.6000000014901161,
        0.6000000014901161,
        0.7999999970197678,
        0.6000000014901161,
        0.7000000029802322
      ],
      "full_render_ms": [
        7.899999998509884,
        16.200000002980232,
        7.199999995529652,
        8.800000004470348,
        7.799999997019768
      ],
      "cache_entries": 0
    }
  ],
  "interpretation": "Observed timings only, not a deployment SLA or a complete memory/load test.",
  "browser": "151.0.7922.34"
}
