{
  "scope": "native NiceGUI synthetic recovery",
  "cases": [
    {
      "name": "socket-disconnect-local-draft-recovery",
      "status": "PASS",
      "steps": [
        "offline edit journaled",
        "pending commit retained",
        "reconnected",
        "draft persisted/recovered"
      ]
    },
    {
      "name": "server-restart-local-draft-recovery",
      "status": "PASS",
      "steps": [
        "server stopped",
        "offline edit journaled",
        "server restarted same origin",
        "draft recovered once",
        "second restart durable",
        "no duplicate replay"
      ]
    }
  ],
  "unexpected_errors": [],
  "expected_fault_events": [
    {
      "kind": "console",
      "detail": "WebSocket connection to 'ws://127.0.0.1:58042/_nicegui_ws/socket.io/?client_id=ff2df40a-4ef9-4f75-894f-f1bd0116f3d7&next_message_id=9&implicit_handshake=true&document_id=f6af5009-7c2c-4f46-8de4-ea86c1d59bdd&tab_id=e1cedb59-89e6-45a5-9d4d-b660ce8c64bf&old_tab_id=null&EIO=4&transport=websocket' failed: Error in connection establishment: net::ERR_CONNECTION_REFUSED"
    },
    {
      "kind": "requestfailed",
      "detail": "http://127.0.0.1:58042/_nicegui_ws/socket.io/?client_id=ff2df40a-4ef9-4f75-894f-f1bd0116f3d7&next_message_id=9&implicit_handshake=true&document_id=f6af5009-7c2c-4f46-8de4-ea86c1d59bdd&tab_id=e1cedb59-89e6-45a5-9d4d-b660ce8c64bf&old_tab_id=null&EIO=4&transport=polling&t=cutamc46 :: net::ERR_CONNECTION_REFUSED"
    },
    {
      "kind": "console",
      "detail": "Failed to load resource: net::ERR_CONNECTION_REFUSED"
    },
    {
      "kind": "console",
      "detail": "WebSocket connection to 'ws://127.0.0.1:58042/_nicegui_ws/socket.io/?client_id=05daf92e-dc5e-407a-adaf-8a31327fb8ac&next_message_id=9&implicit_handshake=true&document_id=dda83092-24d6-4544-8b42-26720a401064&tab_id=e1cedb59-89e6-45a5-9d4d-b660ce8c64bf&old_tab_id=null&EIO=4&transport=websocket' failed: Error in connection establishment: net::ERR_CONNECTION_REFUSED"
    },
    {
      "kind": "requestfailed",
      "detail": "http://127.0.0.1:58042/_nicegui_ws/socket.io/?client_id=05daf92e-dc5e-407a-adaf-8a31327fb8ac&next_message_id=9&implicit_handshake=true&document_id=dda83092-24d6-4544-8b42-26720a401064&tab_id=e1cedb59-89e6-45a5-9d4d-b660ce8c64bf&old_tab_id=null&EIO=4&transport=polling&t=cuvyqv7g :: net::ERR_CONNECTION_REFUSED"
    },
    {
      "kind": "console",
      "detail": "Failed to load resource: net::ERR_CONNECTION_REFUSED"
    }
  ],
  "passed": 2,
  "total": 2,
  "status": "PASS",
  "source_editor_sha256": "5d57edc8041a018764213297b0ed0993d4a7df02db2be330a634c6f0f45b98a2"
}
