{
  "host": "native",
  "platform": "macOS-26.6.2-arm64-arm-64bit",
  "cpu_count": 12,
  "measurements": [
    {
      "elements": 1,
      "ready_ms": 484.2270000372082,
      "geometry_ms": [
        0.3999999761581421,
        0.699999988079071,
        0.10000002384185791,
        0.10000002384185791,
        0.09999996423721313,
        0.19999998807907104,
        0.10000002384185791,
        0.10000002384185791,
        0.19999998807907104,
        0.09999996423721313,
        0.10000002384185791,
        0.10000002384185791,
        0.09999996423721313,
        0.10000002384185791,
        0.09999996423721313,
        0.10000002384185791,
        0.10000002384185791,
        0.09999996423721313,
        0.10000002384185791,
        0.09999996423721313
      ],
      "full_render_ms": [
        1.100000023841858,
        1.600000023841858,
        0.8999999761581421,
        0.8999999761581421,
        0.800000011920929
      ],
      "cache_entries": 0
    },
    {
      "elements": 20,
      "ready_ms": 402.71358302561566,
      "geometry_ms": [
        0.5,
        1,
        0.5,
        0.30000001192092896,
        0.19999998807907104,
        0.30000001192092896,
        0.30000001192092896,
        0.30000001192092896,
        0.30000001192092896,
        0.19999998807907104,
        0.30000001192092896,
        0.3999999761581421,
        0.19999998807907104,
        0.19999998807907104,
        0.30000001192092896,
        0.19999998807907104,
        0.20000004768371582,
        0.8999999761581421,
        0.19999998807907104,
        0.30000001192092896
      ],
      "full_render_ms": [
        2.300000011920929,
        4.5,
        2.699999988079071,
        2.5,
        2.100000023841858
      ],
      "cache_entries": 0
    },
    {
      "elements": 100,
      "ready_ms": 550.4129160544835,
      "geometry_ms": [
        0.800000011920929,
        1.199999988079071,
        0.8999999761581421,
        1.100000023841858,
        0.699999988079071,
        0.699999988079071,
        0.699999988079071,
        0.7000000476837158,
        0.7999999523162842,
        0.800000011920929,
        0.6000000238418579,
        0.699999988079071,
        0.699999988079071,
        0.6000000238418579,
        0.699999988079071,
        0.6000000238418579,
        0.699999988079071,
        0.699999988079071,
        0.5,
        0.699999988079071
      ],
      "full_render_ms": [
        7.699999988079071,
        16.600000023841858,
        7.600000023841858,
        7.399999976158142,
        7.300000011920929
      ],
      "cache_entries": 0
    }
  ],
  "interpretation": "Observed timings only, not a deployment SLA or a complete memory/load test.",
  "browser": "151.0.7922.34"
}
