Hero Title PASS 
Section Heading PASS 
Executive Statement PASS 
Body Narrative PASS 
Key Takeaway PASS 
Hero KPI PASS 
Metric + Delta PASS 
Target vs Actual PASS 
Progress Metric PASS 
Status Metric PASS 
Capacity Metric PASS 
Rate Metric PASS 
Threshold Metric PASS 
Metric with Sparkline PASS 
Metric Ring PASS 
As-Is → To-Be PASS 
Before/After KPI PASS 
Time Compression PASS 
Vertical Bar PASS 
Horizontal Bar PASS 
Line Chart PASS 
Area Chart PASS 
Clean Table PASS 
Event Timeline PASS 
Milestone Rail PASS 
Sequence Strip PASS 
Process Flow PASS 
Data Flow PASS 
Image PASS 
Image + Caption PASS 
Screenshot Frame PASS 
Evidence Card PASS 
Risk Callout PASS 
Project Card PASS 
SPC Control Chart PASS 
I-MR Chart PASS 
CUSUM Chart PASS 
EWMA Chart PASS 
Wafer Map PASS 
