{
  "scope": "native NiceGUI synthetic recovery",
  "cases": [
    {
      "name": "socket-disconnect-local-draft-recovery",
      "status": "PASS",
      "steps": [
        "offline edit journaled",
        "pending commit retained",
        "reconnected",
        "draft persisted/recovered"
      ]
    },
    {
      "name": "server-restart-local-draft-recovery",
      "status": "PASS",
      "steps": [
        "server stopped",
        "offline edit journaled",
        "server restarted same origin",
        "draft recovered once",
        "second restart durable",
        "no duplicate replay"
      ]
    }
  ],
  "unexpected_errors": [],
  "expected_fault_events": [
    {
      "kind": "console",
      "detail": "WebSocket connection to 'ws://127.0.0.1:52985/_nicegui_ws/socket.io/?client_id=2d8e5e87-d58f-4ae3-887f-2db49ce22e86&next_message_id=7&implicit_handshake=true&document_id=231d8d30-b9a5-4c1c-9593-41592e0202bd&tab_id=8d2ab2dd-9abf-4594-bc0e-4cea4c97dfe6&old_tab_id=null&EIO=4&transport=websocket' failed: Error in connection establishment: net::ERR_INTERNET_DISCONNECTED"
    },
    {
      "kind": "requestfailed",
      "detail": "http://127.0.0.1:52985/_nicegui_ws/socket.io/?client_id=2d8e5e87-d58f-4ae3-887f-2db49ce22e86&next_message_id=7&implicit_handshake=true&document_id=231d8d30-b9a5-4c1c-9593-41592e0202bd&tab_id=8d2ab2dd-9abf-4594-bc0e-4cea4c97dfe6&old_tab_id=null&EIO=4&transport=polling&t=t2nxl0fs :: net::ERR_INTERNET_DISCONNECTED"
    },
    {
      "kind": "console",
      "detail": "Failed to load resource: net::ERR_INTERNET_DISCONNECTED"
    },
    {
      "kind": "console",
      "detail": "WebSocket connection to 'ws://127.0.0.1:52985/_nicegui_ws/socket.io/?client_id=2fd30eaa-0672-439b-aee6-400cc2b01aa1&next_message_id=9&implicit_handshake=true&document_id=ac09a938-e3d3-4a3a-962f-4c3341877be1&tab_id=8d2ab2dd-9abf-4594-bc0e-4cea4c97dfe6&old_tab_id=null&EIO=4&transport=websocket' failed: Error in connection establishment: net::ERR_CONNECTION_REFUSED"
    },
    {
      "kind": "requestfailed",
      "detail": "http://127.0.0.1:52985/_nicegui_ws/socket.io/?client_id=2fd30eaa-0672-439b-aee6-400cc2b01aa1&next_message_id=9&implicit_handshake=true&document_id=ac09a938-e3d3-4a3a-962f-4c3341877be1&tab_id=8d2ab2dd-9abf-4594-bc0e-4cea4c97dfe6&old_tab_id=null&EIO=4&transport=polling&t=t2qdvj8u :: net::ERR_CONNECTION_REFUSED"
    },
    {
      "kind": "console",
      "detail": "Failed to load resource: net::ERR_CONNECTION_REFUSED"
    }
  ],
  "passed": 2,
  "total": 2,
  "status": "PASS",
  "source_editor_sha256": "5d57edc8041a018764213297b0ed0993d4a7df02db2be330a634c6f0f45b98a2"
}
