{
  "host": "native",
  "platform": "macOS-26.6.2-arm64-arm-64bit",
  "cpu_count": 12,
  "measurements": [
    {
      "elements": 1,
      "ready_ms": 377.22004202078097,
      "geometry_ms": [
        0.19999998807907104,
        0.4000000059604645,
        0.20000001788139343,
        0.09999999403953552,
        0.09999999403953552,
        0.19999998807907104,
        0,
        0.20000001788139343,
        0.09999999403953552,
        0.09999999403953552,
        0.09999999403953552,
        0.10000002384185791,
        0.09999999403953552,
        0.19999998807907104,
        0,
        0.09999999403953552,
        0.10000002384185791,
        0.09999999403953552,
        0.09999999403953552,
        0.09999999403953552
      ],
      "full_render_ms": [
        1,
        1.300000011920929,
        0.9000000059604645,
        0.7999999821186066,
        0.800000011920929
      ],
      "cache_entries": 0
    },
    {
      "elements": 20,
      "ready_ms": 381.92454201634973,
      "geometry_ms": [
        0.4000000059604645,
        0.5999999940395355,
        0.30000001192092896,
        0.19999998807907104,
        0.20000001788139343,
        0.29999998211860657,
        0.30000001192092896,
        0.29999998211860657,
        0.20000001788139343,
        0.29999998211860657,
        0.20000001788139343,
        0.29999998211860657,
        0.30000001192092896,
        0.30000001192092896,
        0.19999998807907104,
        0.19999998807907104,
        0.800000011920929,
        0.19999998807907104,
        0.30000001192092896,
        0.19999998807907104
      ],
      "full_render_ms": [
        2.2000000178813934,
        3.9000000059604645,
        2.5,
        2.0999999940395355,
        1.9000000059604645
      ],
      "cache_entries": 0
    },
    {
      "elements": 100,
      "ready_ms": 429.2817919922527,
      "geometry_ms": [
        0.9000000059604645,
        1.2000000178813934,
        0.8999999761581421,
        0.9000000059604645,
        0.5999999940395355,
        0.7000000178813934,
        0.5999999940395355,
        0.800000011920929,
        0.699999988079071,
        0.699999988079071,
        0.6000000238418579,
        0.699999988079071,
        0.5999999940395355,
        0.7000000178813934,
        0.5999999940395355,
        0.699999988079071,
        0.5999999940395355,
        0.7000000178813934,
        0.699999988079071,
        0.5999999940395355
      ],
      "full_render_ms": [
        7.300000011920929,
        16.30000001192093,
        6.799999982118607,
        6.800000011920929,
        6.5999999940395355
      ],
      "cache_entries": 0
    }
  ],
  "interpretation": "Observed timings only, not a deployment SLA or a complete memory/load test.",
  "browser": "151.0.7922.34"
}
