{
  "scope": "native NiceGUI synthetic recovery",
  "cases": [
    {
      "name": "socket-disconnect-local-draft-recovery",
      "status": "PASS",
      "steps": [
        "offline edit journaled",
        "pending commit retained",
        "reconnected",
        "draft persisted/recovered"
      ]
    },
    {
      "name": "server-restart-local-draft-recovery",
      "status": "PASS",
      "steps": [
        "server stopped",
        "offline edit journaled",
        "server restarted same origin",
        "draft recovered once",
        "second restart durable",
        "no duplicate replay"
      ]
    }
  ],
  "unexpected_errors": [],
  "expected_fault_events": [
    {
      "kind": "console",
      "detail": "WebSocket connection to 'ws://127.0.0.1:54769/_nicegui_ws/socket.io/?client_id=be5a4dc7-debb-48b7-8fa2-a3740087a119&next_message_id=8&implicit_handshake=true&document_id=edc8e55a-ce0a-4371-8063-179b05a75885&tab_id=26512e45-d9d4-4b0c-82b6-96caf67c48c3&old_tab_id=null&EIO=4&transport=websocket' failed: Error in connection establishment: net::ERR_CONNECTION_REFUSED"
    },
    {
      "kind": "requestfailed",
      "detail": "http://127.0.0.1:54769/_nicegui_ws/socket.io/?client_id=be5a4dc7-debb-48b7-8fa2-a3740087a119&next_message_id=8&implicit_handshake=true&document_id=edc8e55a-ce0a-4371-8063-179b05a75885&tab_id=26512e45-d9d4-4b0c-82b6-96caf67c48c3&old_tab_id=null&EIO=4&transport=polling&t=2xcjwctl :: net::ERR_CONNECTION_REFUSED"
    },
    {
      "kind": "console",
      "detail": "Failed to load resource: net::ERR_CONNECTION_REFUSED"
    },
    {
      "kind": "console",
      "detail": "WebSocket connection to 'ws://127.0.0.1:54769/_nicegui_ws/socket.io/?client_id=21f34b4e-436e-42ae-a44c-29621062c466&next_message_id=8&implicit_handshake=true&document_id=ded3b436-99f6-426c-907f-5ecd26324b17&tab_id=26512e45-d9d4-4b0c-82b6-96caf67c48c3&old_tab_id=null&EIO=4&transport=websocket' failed: Error in connection establishment: net::ERR_CONNECTION_REFUSED"
    },
    {
      "kind": "requestfailed",
      "detail": "http://127.0.0.1:54769/_nicegui_ws/socket.io/?client_id=21f34b4e-436e-42ae-a44c-29621062c466&next_message_id=8&implicit_handshake=true&document_id=ded3b436-99f6-426c-907f-5ecd26324b17&tab_id=26512e45-d9d4-4b0c-82b6-96caf67c48c3&old_tab_id=null&EIO=4&transport=polling&t=2xemrl4p :: net::ERR_CONNECTION_REFUSED"
    },
    {
      "kind": "console",
      "detail": "Failed to load resource: net::ERR_CONNECTION_REFUSED"
    }
  ],
  "passed": 2,
  "total": 2,
  "status": "PASS",
  "source_editor_sha256": "5d57edc8041a018764213297b0ed0993d4a7df02db2be330a634c6f0f45b98a2"
}
