{
  "host": "native",
  "platform": "macOS-26.6.2-arm64-arm-64bit",
  "cpu_count": 12,
  "measurements": [
    {
      "elements": 1,
      "ready_ms": 1027.2290419961791,
      "geometry_ms": [
        0.30000000447034836,
        0.5999999940395355,
        0.20000000298023224,
        0.20000000298023224,
        0,
        0.29999999701976776,
        0.10000000149011612,
        0.10000000149011612,
        0.09999999403953552,
        0.10000000149011612,
        0.10000000149011612,
        0.10000000149011612,
        0.10000000149011612,
        0.09999999403953552,
        0.10000000149011612,
        0.10000000149011612,
        0.10000000149011612,
        0.10000000149011612,
        0,
        0.19999999552965164
      ],
      "full_render_ms": [
        1.1999999955296516,
        1.5,
        1,
        1,
        0.8000000044703484
      ],
      "cache_entries": 0
    },
    {
      "elements": 20,
      "ready_ms": 492.6938330027042,
      "geometry_ms": [
        0.5,
        0.7000000029802322,
        0.3999999985098839,
        0.29999999701976776,
        0.30000000447034836,
        0.29999999701976776,
        0.20000000298023224,
        0.19999999552965164,
        0.30000000447034836,
        0.19999999552965164,
        0.4000000059604645,
        0.29999999701976776,
        0.20000000298023224,
        0.29999999701976776,
        0.20000000298023224,
        0.29999999701976776,
        0.29999999701976776,
        0.20000000298023224,
        0.29999999701976776,
        1
      ],
      "full_render_ms": [
        2.600000001490116,
        4.5,
        2.100000001490116,
        3.5,
        2.7999999970197678
      ],
      "cache_entries": 0
    },
    {
      "elements": 100,
      "ready_ms": 1003.0215419974411,
      "geometry_ms": [
        1,
        1.2999999970197678,
        1,
        1.5,
        0.7999999970197678,
        0.8000000044703484,
        0.8999999985098839,
        0.7999999970197678,
        1.2000000029802322,
        0.8999999985098839,
        0.8000000044703484,
        0.6999999955296516,
        0.8000000044703484,
        1,
        0.5999999940395355,
        0.8000000044703484,
        0.6000000014901161,
        0.8999999985098839,
        0.6000000014901161,
        0.6999999955296516
      ],
      "full_render_ms": [
        8.100000001490116,
        17.399999998509884,
        7.399999998509884,
        8.400000005960464,
        8.5
      ],
      "cache_entries": 0
    }
  ],
  "interpretation": "Observed timings only, not a deployment SLA or a complete memory/load test.",
  "browser": "151.0.7922.34"
}
